<!DOCTYPE html>
<html lang="en-us">
  <head>
    <script src="https://www.googletagmanager.com/gtm.js?id=GTM-MX6DBN9" async="async"></script>
    <script src="/static/hash-%%etag%%/js/gtm.js" async="async"></script>
    <meta charset="utf-8"/>
    <meta http-equiv="x-ua-compatible" content="ie=edge"/>
    <meta name="viewport" content="width=device-width, initial-scale=1"/>
    <meta name="robots" content="noindex"/>
    <meta name="twitter:card" content="summary"/>
    <meta name="twitter:site" content="@dart_lang"/>
    <meta name="twitter:description" content="Pub is the package manager for the Dart programming language, containing reusable libraries &amp; packages for Flutter and general Dart programs."/>
    <meta name="twitter:image" content="https://pub.dev/static/hash-%%etag%%/img/pub-dev-icon-cover-image.png"/>
    <meta property="og:type" content="website"/>
    <meta property="og:site_name" content="Dart packages"/>
    <meta property="og:title" content="My liked packages"/>
    <meta property="og:description" content="Pub is the package manager for the Dart programming language, containing reusable libraries &amp; packages for Flutter and general Dart programs."/>
    <meta property="og:image" content="https://pub.dev/static/hash-%%etag%%/img/pub-dev-icon-cover-image.png"/>
    <title>My liked packages</title>
    <link rel="stylesheet" href="https://fonts.googleapis.com/css2?family=Google+Sans:wght@400;500;700&amp;family=Google+Sans+Display:wght@400&amp;family=Google+Sans+Text:wght@400;500;700&amp;family=Google+Sans+Mono:wght@400;700&amp;display=swap"/>
    <link rel="shortcut icon" href="/favicon.ico?hash=mocked_hash_985685822"/>
    <meta rel="apple-touch-icon" href="/static/hash-%%etag%%/img/apple-touch-icon.png"/>
    <meta rel="apple-touch-icon-precomposed" href="/static/hash-%%etag%%/img/apple-touch-icon.png"/>
    <link rel="stylesheet" href="https://www.gstatic.com/glue/v25_0/ccb.min.css"/>
    <link rel="search" type="application/opensearchdescription+xml" title="Dart packages" href="/osd.xml"/>
    <meta name="description" content="Pub is the package manager for the Dart programming language, containing reusable libraries &amp; packages for Flutter and general Dart programs."/>
    <link rel="alternate" type="application/atom+xml" title="Recently published packages on pub.dev" href="/feed.atom"/>
    <link rel="stylesheet" type="text/css" href="/static/hash-%%etag%%/material/bundle/styles.css"/>
    <link rel="stylesheet" type="text/css" href="/static/hash-%%etag%%/css/style.css"/>
    <script src="/static/hash-%%etag%%/material/bundle/script.min.js" defer="defer"></script>
    <script src="/static/hash-%%etag%%/js/script.dart.js" defer="defer"></script>
    <script src="https://www.gstatic.com/brandstudio/kato/cookie_choice_component/cookie_consent_bar.v3.js" defer="defer" data-autoload-cookie-consent-bar="true"></script>
    <meta name="csrf-token" content="%%csrf-token%%"/>
    <meta name="pub-page-data" content="eyJzZXNzaW9uQXdhcmUiOnRydWV9"/>
  </head>
  <body class="light-theme">
    <script src="/static/hash-%%etag%%/js/dark-init.js"></script>
    <noscript>&lt;iframe src="https://www.googletagmanager.com/ns.html?id=GTM-MX6DBN9" height="0" width="0" style="display:none;visibility:hidden">&lt;/iframe></noscript>
    <div class="site-header">
      <button class="hamburger" aria-label="menu toggle"></button>
      <a class="logo" href="/" aria-label="Go to the landing page of pub.dev">
        <img class="site-logo" src="/static/hash-%%etag%%/img/pub-dev-logo.svg" alt="" width="140" height="30" role="presentation"/>
      </a>
      <div class="site-header-space"></div>
      <div class="site-header-mask"></div>
      <nav class="site-header-nav scroll-container">
        <div id="-account-profile" class="nav-container nav-my-container hoverable">
          <button class="nav-main-button">My pub.dev</button>
          <div class="nav-hover-popup">
            <div class="nav-table-column">
              <a class="nav-link" href="/my-publishers">Publishers</a>
              <a class="nav-link" href="/my-packages">Packages</a>
              <a class="nav-link" href="/my-liked-packages">Likes</a>
              <a class="nav-link" href="/my-activity-log">Activity log</a>
              <a class="nav-link" href="/create-publisher">Create publisher</a>
            </div>
          </div>
        </div>
        <div class="nav-container nav-help-container hoverable">
          <button class="nav-main-button">Help</button>
          <div class="nav-hover-popup">
            <div class="nav-table-columns">
              <div class="nav-table-column">
                <h3>pub.dev</h3>
                <a class="nav-link" href="/help/search" rel="noopener" target="_blank">Searching for packages</a>
                <a class="nav-link" href="/help/scoring" rel="noopener" target="_blank">Package scoring and pub points</a>
              </div>
              <div class="nav-table-column">
                <h3>Flutter</h3>
                <a class="nav-link" href="https://flutter.dev/using-packages/" rel="noopener" target="_blank">Using packages</a>
                <a class="nav-link" href="https://flutter.dev/developing-packages/" rel="noopener" target="_blank">Developing packages and plugins</a>
                <a class="nav-link" href="https://dart.dev/tools/pub/publishing" rel="noopener" target="_blank">Publishing a package</a>
              </div>
              <div class="nav-table-column">
                <h3>Dart</h3>
                <a class="nav-link" href="https://dart.dev/guides/packages" rel="noopener" target="_blank">Using packages</a>
                <a class="nav-link" href="https://dart.dev/tools/pub/publishing" rel="noopener" target="_blank">Publishing a package</a>
              </div>
            </div>
          </div>
        </div>
        <div class="nav-container nav-help-container-mobile foldable">
          <h3 class="foldable-button">
            pub.dev
            <img class="foldable-icon" src="/static/hash-%%etag%%/img/nav-mobile-foldable-icon.svg" alt="toggle folding of the section" width="13" height="6"/>
          </h3>
          <div class="foldable-content">
            <a class="nav-link" href="/help/search" rel="noopener" target="_blank">Searching for packages</a>
            <a class="nav-link" href="/help/scoring" rel="noopener" target="_blank">Package scoring and pub points</a>
          </div>
        </div>
        <div class="nav-container nav-help-container-mobile foldable">
          <h3 class="foldable-button">
            Flutter
            <img class="foldable-icon" src="/static/hash-%%etag%%/img/nav-mobile-foldable-icon.svg" alt="toggle folding of the section" width="13" height="6"/>
          </h3>
          <div class="foldable-content">
            <a class="nav-link" href="https://flutter.dev/using-packages/" rel="noopener" target="_blank">Using packages</a>
            <a class="nav-link" href="https://flutter.dev/developing-packages/" rel="noopener" target="_blank">Developing packages and plugins</a>
            <a class="nav-link" href="https://dart.dev/tools/pub/publishing" rel="noopener" target="_blank">Publishing a package</a>
          </div>
        </div>
        <div class="nav-container nav-help-container-mobile foldable">
          <h3 class="foldable-button">
            Dart
            <img class="foldable-icon" src="/static/hash-%%etag%%/img/nav-mobile-foldable-icon.svg" alt="toggle folding of the section" width="13" height="6"/>
          </h3>
          <div class="foldable-content">
            <a class="nav-link" href="https://dart.dev/guides/packages" rel="noopener" target="_blank">Using packages</a>
            <a class="nav-link" href="https://dart.dev/tools/pub/publishing" rel="noopener" target="_blank">Publishing a package</a>
          </div>
        </div>
        <div class="nav-container nav-profile-container hoverable">
          <input class="nav-profile-img nav-profile-image-desktop" type="image" src="/static/hash-%%etag%%/img/material-icon-twotone-account-circle-white-24dp.png" alt="Profile Image"/>
          <div class="nav-hover-popup">
            <div class="nav-table-column">
              <div class="nav-account-title-mobile">
                <img class="nav-profile-img nav-profile-img-mobile" src="/static/hash-%%etag%%/img/material-icon-twotone-account-circle-white-24dp.png" alt="Profile Image" width="30" height="30"/>
                <div class="nav-account-title">
                  <div class="nav-account-name">user</div>
                  <div class="nav-account-email">user@pub.dev</div>
                </div>
              </div>
              <div class="nav-separator"></div>
              <button id="-account-switch" class="nav-button link">Switch account</button>
              <button id="-account-logout" class="nav-button">Sign out</button>
            </div>
          </div>
        </div>
      </nav>
      <button class="-pub-theme-toggle" aria-label="light/dark theme toggle"></button>
    </div>
    <div id="banner-container"></div>
    <div class="_banner-bg">
      <div class="container">
        <form class="search-bar banner-item" action="/packages" autocomplete="off">
          <input class="input" type="search" name="q" placeholder="Search packages" autocomplete="off" value="is:liked-by-me" title="Search" data-widget="completion" data-completion-src="/api/search-input-completion-data" data-completion-class="search-completion"/>
          <span class="icon"></span>
        </form>
      </div>
    </div>
    <main class="-wide-header-detail-page">
      <div class="detail-wrapper -active">
        <div class="detail-header">
          <div class="detail-container">
            <div class="detail-header-outer-block">
              <div class="detail-header-image-block">
                <img class="detail-header-image" src="/static/hash-%%etag%%/img/material-icon-twotone-account-circle-white-24dp.png" alt="user profile picture" width="200" height="200"/>
              </div>
              <div class="detail-header-content-block">
                <h1 class="title pub-monochrome-icon-hoverable">user</h1>
                <div class="metadata">
                  <p>user@pub.dev</p>
                  <p>
                    Joined
                    <a class="-x-ago" href="" title="on %%user-created-date%%" role="button" data-timestamp="%%millis%%">%%x-ago%%</a>
                  </p>
                </div>
              </div>
            </div>
          </div>
        </div>
        <div class="detail-body">
          <div class="detail-tabs">
            <div class="detail-tabs-wide-header">
              <div class="detail-container">
                <ul class="detail-tabs-header">
                  <li class="detail-tab tab-link detail-tab-my-publishers-title -private" title="For authorized users only.">
                    <a href="/my-publishers" role="button">Publishers</a>
                  </li>
                  <li class="detail-tab tab-link detail-tab-my-packages-title -private" title="For authorized users only.">
                    <a href="/my-packages" role="button">Packages</a>
                  </li>
                  <li class="detail-tab tab-button detail-tab-my-liked-packages-title -active -private" title="For authorized users only.">Likes</li>
                  <li class="detail-tab tab-link detail-tab-my-activity-log-title -private" title="For authorized users only.">
                    <a href="/my-activity-log" role="button">Activity log</a>
                  </li>
                </ul>
              </div>
            </div>
            <div class="detail-container detail-body-main">
              <div class="detail-tabs-content">
                <section class="tab-content detail-tab-my-liked-packages-content -active">
                  <div class="listing-info">
                    <div class="listing-info-count">
                      <span class="info-identifier">Results</span>
                      <span class="count">2</span>
                      packages
                    </div>
                    <div class="sort-control hoverable">
                      <div class="info-identifier" title="Packages are sorted by the combination of their overall score and their relevance to matching the search query text.">
                        Sort by
                        <button class="sort-control-selected">default ranking</button>
                      </div>
                      <div class="sort-control-popup">
                        <button class="sort-control-option selected" data-value="default_ranking">default ranking</button>
                        <button class="sort-control-option" data-value="top">overall score</button>
                        <button class="sort-control-option" data-value="updated">recently updated</button>
                        <button class="sort-control-option" data-value="created">newest package</button>
                        <button class="sort-control-option" data-value="like">most likes</button>
                        <button class="sort-control-option" data-value="points">most pub points</button>
                        <button class="sort-control-option" data-value="downloads">downloads</button>
                        <button class="sort-control-option" data-value="trending">trending</button>
                      </div>
                    </div>
                  </div>
                  <div class="packages">
                    <div class="packages-item">
                      <div class="packages-header">
                        <h3 class="packages-title pub-monochrome-icon-hoverable">
                          <a href="/packages/oxygen">oxygen</a>
                          <button class="mdc-icon-button mdc-icon-button--on like-button-and-label--button" data-ga-click-event="toggle-like" aria-pressed="true" data-package="oxygen" data-value="0" title="Unlike this package">
                            <img class="mdc-icon-button__icon" src="/static/hash-%%etag%%/img/like-inactive.svg" alt="liked status: inactive" width="18" height="18"/>
                            <img class="mdc-icon-button__icon mdc-icon-button__icon--on" src="/static/hash-%%etag%%/img/like-active.svg" alt="liked status: active" width="18" height="18"/>
                          </button>
                          <span class="pkg-page-title-copy">
                            <img class="pub-monochrome-icon pkg-page-title-copy-icon filter-invert-on-dark" src="/static/hash-%%etag%%/img/content-copy-icon.svg" alt="copy &quot;oxygen: ^1.2.0&quot; to clipboard" width="18" height="18" title="Copy &quot;oxygen: ^1.2.0&quot; to clipboard" data-copy-content="oxygen: ^1.2.0" data-ga-click-event="copy-package-version"/>
                            <div class="pkg-page-title-copy-feedback">
                              <span class="code">oxygen: ^1.2.0</span>
                              copied to clipboard
                            </div>
                          </span>
                        </h3>
                        <div class="packages-recent">
                          <img class="packages-recent-icon" src="/static/hash-%%etag%%/img/schedule-icon.svg" alt="recently created package" width="10" height="10" title="recently created package"/>
                          Added
                          <b>%%x-ago%%</b>
                        </div>
                        <a class="packages-scores" href="/packages/oxygen/score">
                          <div class="packages-score packages-score-like" data-package="oxygen">
                            <div class="packages-score-value -has-value">
                              <span class="packages-score-value-number">0</span>
                              <span class="packages-score-value-sign"></span>
                            </div>
                            <div class="packages-score-label">likes</div>
                          </div>
                          <div class="packages-score packages-score-health">
                            <div class="packages-score-value -has-value">
                              <span class="packages-score-value-number">0</span>
                              <span class="packages-score-value-sign"></span>
                            </div>
                            <div class="packages-score-label">points</div>
                          </div>
                          <div class="packages-score packages-score-downloads" title="Number of downloads of this package during the past 30 days">
                            <div class="packages-score-value">
                              <span class="packages-score-value-number">--</span>
                              <span class="packages-score-value-sign"></span>
                            </div>
                            <div class="packages-score-label">downloads</div>
                          </div>
                        </a>
                      </div>
                      <div class="packages-container">
                        <div class="packages-body">
                          <div class="packages-description">
                            <span>oxygen is awesome</span>
                            <a class="topics-tag" href="/packages?q=topic%3Achemical-element" rel="nofollow">#chemical-element</a>
                          </div>
                          <p class="packages-metadata">
                            <span class="packages-metadata-block">
                              v
                              <a href="/packages/oxygen" title="Visit oxygen 1.2.0 page">1.2.0</a>
                              (
                              <a class="-x-ago" href="" title="%%user-created-date%%" role="button" data-timestamp="%%millis%%">%%x-ago%%</a>
                              ) /
                              <a href="/packages/oxygen/versions/2.0.0-dev" title="Visit oxygen 2.0.0-dev page">2.0.0-dev</a>
                              (
                              <a class="-x-ago" href="" title="%%user-created-date%%" role="button" data-timestamp="%%millis%%">%%x-ago%%</a>
                              )
                            </span>
                          </p>
                          <div>
                            <span class="package-tag missing" title="This version was scheduled for analysis, but it hasn't completed yet.">[pending analysis]</span>
                          </div>
                        </div>
                      </div>
                    </div>
                    <div class="packages-item">
                      <div class="packages-header">
                        <h3 class="packages-title pub-monochrome-icon-hoverable">
                          <a href="/packages/neon">neon</a>
                          <button class="mdc-icon-button mdc-icon-button--on like-button-and-label--button" data-ga-click-event="toggle-like" aria-pressed="true" data-package="neon" data-value="0" title="Unlike this package">
                            <img class="mdc-icon-button__icon" src="/static/hash-%%etag%%/img/like-inactive.svg" alt="liked status: inactive" width="18" height="18"/>
                            <img class="mdc-icon-button__icon mdc-icon-button__icon--on" src="/static/hash-%%etag%%/img/like-active.svg" alt="liked status: active" width="18" height="18"/>
                          </button>
                          <span class="pkg-page-title-copy">
                            <img class="pub-monochrome-icon pkg-page-title-copy-icon filter-invert-on-dark" src="/static/hash-%%etag%%/img/content-copy-icon.svg" alt="copy &quot;neon: ^1.0.0&quot; to clipboard" width="18" height="18" title="Copy &quot;neon: ^1.0.0&quot; to clipboard" data-copy-content="neon: ^1.0.0" data-ga-click-event="copy-package-version"/>
                            <div class="pkg-page-title-copy-feedback">
                              <span class="code">neon: ^1.0.0</span>
                              copied to clipboard
                            </div>
                          </span>
                        </h3>
                        <div class="packages-recent">
                          <img class="packages-recent-icon" src="/static/hash-%%etag%%/img/schedule-icon.svg" alt="recently created package" width="10" height="10" title="recently created package"/>
                          Added
                          <b>%%x-ago%%</b>
                        </div>
                        <a class="packages-scores" href="/packages/neon/score">
                          <div class="packages-score packages-score-like" data-package="neon">
                            <div class="packages-score-value -has-value">
                              <span class="packages-score-value-number">0</span>
                              <span class="packages-score-value-sign"></span>
                            </div>
                            <div class="packages-score-label">likes</div>
                          </div>
                          <div class="packages-score packages-score-health">
                            <div class="packages-score-value -has-value">
                              <span class="packages-score-value-number">0</span>
                              <span class="packages-score-value-sign"></span>
                            </div>
                            <div class="packages-score-label">points</div>
                          </div>
                          <div class="packages-score packages-score-downloads" title="Number of downloads of this package during the past 30 days">
                            <div class="packages-score-value">
                              <span class="packages-score-value-number">--</span>
                              <span class="packages-score-value-sign"></span>
                            </div>
                            <div class="packages-score-label">downloads</div>
                          </div>
                        </a>
                      </div>
                      <div class="packages-container">
                        <div class="packages-body">
                          <div class="packages-description">
                            <span>neon is awesome</span>
                            <a class="topics-tag" href="/packages?q=topic%3Achemical-element" rel="nofollow">#chemical-element</a>
                          </div>
                          <p class="packages-metadata">
                            <span class="packages-metadata-block">
                              v
                              <a href="/packages/neon" title="Visit neon 1.0.0 page">1.0.0</a>
                              (
                              <a class="-x-ago" href="" title="%%user-created-date%%" role="button" data-timestamp="%%millis%%">%%x-ago%%</a>
                              )
                            </span>
                            <span class="packages-metadata-block">
                              <img class="package-vp-icon filter-invert-on-dark" src="/static/hash-%%etag%%/img/material-icon-verified.svg" alt="verified publisher" width="14" height="14" title="Published by a pub.dev verified publisher"/>
                              <a href="/publishers/example.com">example.com</a>
                            </span>
                          </p>
                          <div>
                            <span class="package-tag missing" title="This version was scheduled for analysis, but it hasn't completed yet.">[pending analysis]</span>
                          </div>
                        </div>
                      </div>
                    </div>
                    <div id="-screenshot-carousel" class="carousel">
                      <fab id="-carousel-prev" class="mdc-fab carousel-prev carousel-nav" data-mdc-auto-init="MDCRipple" title="Previous" data-ga-click-event="screenshot-carousel-prev-click" tabindex="0">
                        <div class="mdc-fab__ripple"></div>
                        <img class="mdc-fab__icon" src="/static/hash-%%etag%%/img/keyboard_arrow_left.svg" alt="previous" width="24" height="24" aria-hidden="true"/>
                      </fab>
                      <div id="-image-container" class="image-container"></div>
                      <fab id="-carousel-next" class="mdc-fab carousel-next carousel-nav" data-mdc-auto-init="MDCRipple" title="Next" data-ga-click-event="screenshot-carousel-next-click" tabindex="0">
                        <div class="mdc-fab__ripple"></div>
                        <img class="mdc-fab__icon" src="/static/hash-%%etag%%/img/keyboard_arrow_right.svg" alt="next" width="24" height="24" aria-hidden="true"/>
                      </fab>
                      <p id="-screenshot-description" class="screenshot-description"></p>
                    </div>
                  </div>
                  <ul class="pagination">
                    <li class="-disabled">
                      <a rel="prev nofollow" aria-label="previous page">
                        <span>«</span>
                      </a>
                    </li>
                    <li class="-active">
                      <a rel="nofollow">
                        <span>1</span>
                      </a>
                    </li>
                    <li class="-disabled">
                      <a rel="next nofollow" aria-label="next page">
                        <span>»</span>
                      </a>
                    </li>
                  </ul>
                </section>
              </div>
            </div>
          </div>
        </div>
      </div>
      <div id="-screenshot-carousel" class="carousel">
        <fab id="-carousel-prev" class="mdc-fab carousel-prev carousel-nav" data-mdc-auto-init="MDCRipple" title="Previous" data-ga-click-event="screenshot-carousel-prev-click" tabindex="0">
          <div class="mdc-fab__ripple"></div>
          <img class="mdc-fab__icon" src="/static/hash-%%etag%%/img/keyboard_arrow_left.svg" alt="previous" width="24" height="24" aria-hidden="true"/>
        </fab>
        <div id="-image-container" class="image-container"></div>
        <fab id="-carousel-next" class="mdc-fab carousel-next carousel-nav" data-mdc-auto-init="MDCRipple" title="Next" data-ga-click-event="screenshot-carousel-next-click" tabindex="0">
          <div class="mdc-fab__ripple"></div>
          <img class="mdc-fab__icon" src="/static/hash-%%etag%%/img/keyboard_arrow_right.svg" alt="next" width="24" height="24" aria-hidden="true"/>
        </fab>
        <p id="-screenshot-description" class="screenshot-description"></p>
      </div>
    </main>
    <footer class="site-footer">
      <a class="link" href="https://dart.dev/">Dart language</a>
      <a class="link sep" href="/policy">Policy</a>
      <a class="link sep" href="https://www.google.com/intl/en/policies/terms/">Terms</a>
      <a class="link sep" href="https://developers.google.com/terms/">API Terms</a>
      <a class="link sep" href="/security">Security</a>
      <a class="link sep" href="https://www.google.com/intl/en/policies/privacy/">Privacy</a>
      <a class="link sep" href="/help">Help</a>
      <a class="link icon sep" href="/feed.atom">
        <img class="inline-icon" src="/static/hash-%%etag%%/img/rss-feed-icon.svg" alt="RSS" width="20" height="20" title="RSS/atom feed"/>
      </a>
      <a class="link icon github_issue" href="https://github.com/dart-lang/pub-dev/issues/new">
        <img class="inline-icon" src="/static/hash-%%etag%%/img/bug-report-white-96px.png" alt="bug report" width="20" height="20" title="Report an issue with this site"/>
      </a>
    </footer>
  </body>
</html>
