<!DOCTYPE html>
<html lang="en-us">
  <head>
    <script src="https://www.googletagmanager.com/gtm.js?id=GTM-MX6DBN9" async="async"></script>
    <script src="/static/hash-%%etag%%/js/gtm.js" async="async"></script>
    <meta charset="utf-8"/>
    <meta http-equiv="x-ua-compatible" content="ie=edge"/>
    <meta name="viewport" content="width=device-width, initial-scale=1"/>
    <meta name="robots" content="noindex"/>
    <meta name="twitter:card" content="summary"/>
    <meta name="twitter:site" content="@dart_lang"/>
    <meta name="twitter:description" content="oxygen is awesome"/>
    <meta name="twitter:image" content="https://pub.dev/static/hash-%%etag%%/img/pub-dev-icon-cover-image.png"/>
    <meta property="og:type" content="website"/>
    <meta property="og:site_name" content="Dart packages"/>
    <meta property="og:title" content="oxygen changelog | Dart package"/>
    <meta property="og:description" content="oxygen is awesome"/>
    <meta property="og:image" content="https://pub.dev/static/hash-%%etag%%/img/pub-dev-icon-cover-image.png"/>
    <title>oxygen changelog | Dart package</title>
    <link rel="stylesheet" href="https://fonts.googleapis.com/css2?family=Google+Sans:wght@400;500;700&amp;family=Google+Sans+Display:wght@400&amp;family=Google+Sans+Text:wght@400;500;700&amp;family=Google+Sans+Mono:wght@400;700&amp;display=swap"/>
    <link rel="shortcut icon" href="/favicon.ico?hash=mocked_hash_985685822"/>
    <link rel="stylesheet" href="https://www.gstatic.com/glue/v25_0/ccb.min.css"/>
    <link rel="search" type="application/opensearchdescription+xml" title="Dart packages" href="/osd.xml"/>
    <link rel="canonical" href="https://pub.dev/packages/oxygen/changelog"/>
    <meta name="description" content="oxygen is awesome"/>
    <link rel="alternate" type="application/atom+xml" title="Updated Packages Feed for Pub" href="/feed.atom"/>
    <link rel="stylesheet" type="text/css" href="/static/hash-%%etag%%/material/bundle/styles.css"/>
    <link rel="stylesheet" type="text/css" href="/static/hash-%%etag%%/css/style.css"/>
    <script src="/static/hash-%%etag%%/material/bundle/script.min.js" defer="defer"></script>
    <script src="/static/hash-%%etag%%/js/script.dart.js" defer="defer"></script>
    <script src="https://www.gstatic.com/brandstudio/kato/cookie_choice_component/cookie_consent_bar.v3.js" defer="defer" data-autoload-cookie-consent-bar="true"></script>
    <meta name="pub-page-data" content="eyJwa2dEYXRhIjp7InBhY2thZ2UiOiJveHlnZW4iLCJ2ZXJzaW9uIjoiMS4yLjAiLCJsaWtlcyI6MCwiaXNEaXNjb250aW51ZWQiOmZhbHNlLCJpc0xhdGVzdCI6dHJ1ZX0sInNlc3Npb25Bd2FyZSI6ZmFsc2V9"/>
    <link rel="preload" href="/static/hash-%%etag%%/highlight/highlight-with-init.js" as="script"/>
  </head>
  <body class="light-theme">
    <script src="/static/hash-%%etag%%/js/dark-init.js"></script>
    <noscript>&lt;iframe src="https://www.googletagmanager.com/ns.html?id=GTM-MX6DBN9" height="0" width="0" style="display:none;visibility:hidden">&lt;/iframe></noscript>
    <div class="site-header">
      <button class="hamburger" aria-label="menu toggle"></button>
      <a class="logo" href="/">
        <img class="site-logo" src="/static/hash-%%etag%%/img/pub-dev-logo.svg" alt="" width="140" height="30" role="presentation"/>
      </a>
      <div class="site-header-space"></div>
      <div class="site-header-mask"></div>
      <div class="site-header-search">
        <form action="/packages" method="GET">
          <input class="site-header-search-input" name="q" placeholder="New search..." autocomplete="on" title="Search"/>
        </form>
      </div>
      <nav class="site-header-nav scroll-container">
        <div class="nav-login-container">
          <button id="-account-login" class="nav-main-button link">Sign in</button>
        </div>
        <div class="nav-container nav-help-container hoverable">
          <button class="nav-main-button">Help</button>
          <div class="nav-hover-popup">
            <div class="nav-table-columns">
              <div class="nav-table-column">
                <h3>Pub.dev</h3>
                <a class="nav-link" href="/help/search" rel="noopener" target="_blank">Searching for packages</a>
                <a class="nav-link" href="/help/scoring" rel="noopener" target="_blank">Package scoring and pub points</a>
              </div>
              <div class="nav-table-column">
                <h3>Flutter</h3>
                <a class="nav-link" href="https://flutter.dev/using-packages/" rel="noopener" target="_blank">Using packages</a>
                <a class="nav-link" href="https://flutter.dev/developing-packages/" rel="noopener" target="_blank">Developing packages and plugins</a>
                <a class="nav-link" href="https://dart.dev/tools/pub/publishing" rel="noopener" target="_blank">Publishing a package</a>
              </div>
              <div class="nav-table-column">
                <h3>Dart</h3>
                <a class="nav-link" href="https://dart.dev/guides/packages" rel="noopener" target="_blank">Using packages</a>
                <a class="nav-link" href="https://dart.dev/tools/pub/publishing" rel="noopener" target="_blank">Publishing a package</a>
              </div>
            </div>
          </div>
        </div>
        <div class="nav-container nav-help-container-mobile foldable">
          <h3 class="foldable-button">
            Pub.dev
            <img class="foldable-icon" src="/static/hash-%%etag%%/img/nav-mobile-foldable-icon.svg" alt="toggle folding of the section" width="13" height="6"/>
          </h3>
          <div class="foldable-content">
            <a class="nav-link" href="/help/search" rel="noopener" target="_blank">Searching for packages</a>
            <a class="nav-link" href="/help/scoring" rel="noopener" target="_blank">Package scoring and pub points</a>
          </div>
        </div>
        <div class="nav-container nav-help-container-mobile foldable">
          <h3 class="foldable-button">
            Flutter
            <img class="foldable-icon" src="/static/hash-%%etag%%/img/nav-mobile-foldable-icon.svg" alt="toggle folding of the section" width="13" height="6"/>
          </h3>
          <div class="foldable-content">
            <a class="nav-link" href="https://flutter.dev/using-packages/" rel="noopener" target="_blank">Using packages</a>
            <a class="nav-link" href="https://flutter.dev/developing-packages/" rel="noopener" target="_blank">Developing packages and plugins</a>
            <a class="nav-link" href="https://dart.dev/tools/pub/publishing" rel="noopener" target="_blank">Publishing a package</a>
          </div>
        </div>
        <div class="nav-container nav-help-container-mobile foldable">
          <h3 class="foldable-button">
            Dart
            <img class="foldable-icon" src="/static/hash-%%etag%%/img/nav-mobile-foldable-icon.svg" alt="toggle folding of the section" width="13" height="6"/>
          </h3>
          <div class="foldable-content">
            <a class="nav-link" href="https://dart.dev/guides/packages" rel="noopener" target="_blank">Using packages</a>
            <a class="nav-link" href="https://dart.dev/tools/pub/publishing" rel="noopener" target="_blank">Publishing a package</a>
          </div>
        </div>
      </nav>
    </div>
    <div id="banner-container"></div>
    <main class="container">
      <div class="detail-wrapper -active -has-info-box">
        <div class="detail-header -is-loose">
          <div class="detail-container">
            <div class="detail-header-outer-block">
              <div class="detail-header-content-block">
                <h1 class="title">
                  oxygen 1.2.0
                  <span class="pkg-page-title-copy">
                    <img class="pkg-page-title-copy-icon filter-invert-on-dark" src="/static/hash-%%etag%%/img/content-copy-icon.svg" alt="copy &quot;oxygen: ^1.2.0&quot; to clipboard" width="18" height="18" title="Copy &quot;oxygen: ^1.2.0&quot; to clipboard" data-copy-content="oxygen: ^1.2.0" data-ga-click-event="copy-package-version"/>
                    <div class="pkg-page-title-copy-feedback">
                      <span class="code">oxygen: ^1.2.0</span>
                      copied to clipboard
                    </div>
                  </span>
                </h1>
                <div class="metadata">
                  Published
                  <span>
                    <a class="-x-ago" href="" title="%%published-date%%" aria-label="%%x-ago%%" aria-role="button" role="button" data-timestamp="%%millis%%">%%x-ago%%</a>
                  </span>
                  • Latest:
                  <span>
                    <a href="/packages/oxygen" title="View the latest version of oxygen">1.2.0</a>
                  </span>
                  /
                  <span>
                    Prerelease:
                    <a href="/packages/oxygen/versions/2.0.0-dev" title="Visit oxygen 2.0.0-dev page">2.0.0-dev</a>
                  </span>
                </div>
                <div class="detail-tags-and-like">
                  <div class="detail-tags">
                    <div class="-pub-tag-badge">
                      <span class="tag-badge-main">SDK</span>
                      <a class="tag-badge-sub" href="/packages?q=sdk%3Adart" rel="nofollow" title="Packages compatible with Dart SDK">Dart</a>
                      <a class="tag-badge-sub" href="/packages?q=sdk%3Aflutter" rel="nofollow" title="Packages compatible with Flutter SDK">Flutter</a>
                    </div>
                    <div class="-pub-tag-badge">
                      <span class="tag-badge-main">Platform</span>
                      <a class="tag-badge-sub" href="/packages?q=platform%3Aandroid" rel="nofollow" title="Packages compatible with Android platform">Android</a>
                      <a class="tag-badge-sub" href="/packages?q=platform%3Aios" rel="nofollow" title="Packages compatible with iOS platform">iOS</a>
                      <a class="tag-badge-sub" href="/packages?q=platform%3Alinux" rel="nofollow" title="Packages compatible with Linux platform">Linux</a>
                      <a class="tag-badge-sub" href="/packages?q=platform%3Amacos" rel="nofollow" title="Packages compatible with macOS platform">macOS</a>
                      <a class="tag-badge-sub" href="/packages?q=platform%3Aweb" rel="nofollow" title="Packages compatible with Web platform">web</a>
                      <a class="tag-badge-sub" href="/packages?q=platform%3Awindows" rel="nofollow" title="Packages compatible with Windows platform">Windows</a>
                    </div>
                  </div>
                  <div class="detail-like">
                    <button id="-pub-like-icon-button" class="mdc-icon-button" data-ga-click-event="toggle-like" aria-pressed="false" title="Like this package">
                      <img class="mdc-icon-button__icon" src="/static/hash-%%etag%%/img/like-inactive.svg" alt="liked status: inactive" width="18" height="18"/>
                      <img class="mdc-icon-button__icon mdc-icon-button__icon--on" src="/static/hash-%%etag%%/img/like-active.svg" alt="liked status: active" width="18" height="18"/>
                    </button>
                    <span class="likes-count">
                      <span id="likes-count">0</span>
                    </span>
                  </div>
                </div>
              </div>
            </div>
          </div>
        </div>
        <div class="detail-container">
          <div class="detail-lead">
            <div class="detail-metadata-toggle">
              <div class="detail-metadata-toggle-icon">→</div>
              <h3 class="detail-lead-title">Metadata</h3>
            </div>
            <p class="detail-lead-text">oxygen is awesome</p>
            <p class="detail-lead-more">
              <a class="detail-metadata-toggle">More...</a>
            </p>
          </div>
        </div>
        <div class="detail-body">
          <div class="detail-tabs">
            <div class="detail-tabs-wide-header">
              <div class="detail-container">
                <ul class="detail-tabs-header">
                  <li class="detail-tab tab-link detail-tab-readme-title">
                    <a href="/packages/oxygen" role="button">Readme</a>
                  </li>
                  <li class="detail-tab tab-button detail-tab-changelog-title -active">Changelog</li>
                  <li class="detail-tab tab-link detail-tab-example-title">
                    <a href="/packages/oxygen/example" role="button">Example</a>
                  </li>
                  <li class="detail-tab tab-link detail-tab-installing-title">
                    <a href="/packages/oxygen/install" role="button">Installing</a>
                  </li>
                  <li class="detail-tab tab-link detail-tab-versions-title">
                    <a href="/packages/oxygen/versions" role="button">Versions</a>
                  </li>
                  <li class="detail-tab tab-link detail-tab-analysis-title">
                    <a href="/packages/oxygen/score" role="button">Scores</a>
                  </li>
                </ul>
              </div>
            </div>
            <div class="detail-container detail-body-main">
              <div class="detail-tabs-content">
                <section class="tab-content detail-tab-changelog-content -active markdown-body">
                  <div class="changelog-entry">
                    <h2 class="changelog-version hash-header" id="120">
                      1.2.0
                      <a href="#120" class="hash-link">#</a>
                    </h2>
                    <div class="changelog-content">
                      <ul>
                        <li>updated</li>
                      </ul>
                    </div>
                  </div>
                </section>
              </div>
            </div>
          </div>
          <aside class="detail-info-box">
            <a class="packages-scores" href="/packages/oxygen/score">
              <div class="packages-score packages-score-like">
                <div class="packages-score-value -has-value">
                  <span class="packages-score-value-number">0</span>
                  <span class="packages-score-value-sign"></span>
                </div>
                <div class="packages-score-label">likes</div>
              </div>
              <div class="packages-score packages-score-health">
                <div class="packages-score-value -has-value">
                  <span class="packages-score-value-number">54</span>
                  <span class="packages-score-value-sign"></span>
                </div>
                <div class="packages-score-label">pub points</div>
              </div>
              <div class="packages-score packages-score-popularity">
                <div class="packages-score-value -has-value">
                  <span class="packages-score-value-number">3</span>
                  <span class="packages-score-value-sign">%</span>
                </div>
                <div class="packages-score-label">popularity</div>
              </div>
            </a>
            <h3 class="title">Publisher</h3>
            <p>
              <span>unverified uploader</span>
            </p>
            <h3 class="title pkg-infobox-metadata">Metadata</h3>
            <p>oxygen is awesome</p>
            <p>
              <a class="link" href="https://oxygen.example.com/" rel="ugc">Homepage</a>
              <br/>
              <a class="link" href="https://github.com/example/oxygen" rel="ugc">Repository (GitHub)</a>
              <br/>
              <a class="link" href="https://github.com/example/oxygen/issues" rel="ugc">View/report issues</a>
              <br/>
              <a class="link" href="https://github.com/example/oxygen/blob/master/CONTRIBUTING.md" rel="ugc">Contributing</a>
              <br/>
            </p>
            <h3 class="title">Topics</h3>
            <p>
              <a href="/packages?q=topic%3Achemical-element" rel="nofollow">#chemical-element</a>
            </p>
            <h3 class="title">Documentation</h3>
            <p>
              <a class="link" href="/documentation/oxygen/latest/">API reference</a>
              <br/>
            </p>
            <h3 class="title">Funding</h3>
            <p>
              Consider supporting this project:
              <br/>
              <br/>
              <a class="link" href="https://example.com/funding/oxygen" rel="ugc">example.com</a>
              <br/>
            </p>
            <h3 class="title">License</h3>
            <p>
              <img class="inline-icon-img filter-invert-on-dark" src="/static/hash-%%etag%%/img/material-icon-balance.svg" alt="" width="14" height="14" role="presentation"/>
              BSD-3-Clause (
              <a href="/packages/oxygen/license">license</a>
              )
            </p>
            <h3 class="title">More</h3>
            <p>
              <a href="/packages?q=dependency%3Aoxygen" rel="nofollow">Packages that depend on oxygen</a>
            </p>
          </aside>
        </div>
        <script type="application/ld+json">{"@context":"http\u003a\u002f\u002fschema.org","@type":"SoftwareSourceCode","name":"oxygen","version":"1.2.0","description":"oxygen - oxygen is awesome","url":"https\u003a\u002f\u002fpub.dev\u002fpackages\u002foxygen","dateCreated":"%%published-escaped-timestamp%%","dateModified":"%%updated-escaped-timestamp%%","programmingLanguage":"Dart","image":"https\u003a\u002f\u002fpub.dev\u002fstatic\u002fimg\u002fpub-dev-icon-cover-image.png","license":"https\u003a\u002f\u002fpub.dev\u002fpackages\u002foxygen\u002flicense"}</script>
      </div>
      <div class="detail-metadata">
        <h3 class="detail-metadata-title">
          <span class="detail-metadata-toggle">←</span>
          Metadata
        </h3>
        <div class="detail-info-box">
          <a class="packages-scores" href="/packages/oxygen/score">
            <div class="packages-score packages-score-like">
              <div class="packages-score-value -has-value">
                <span class="packages-score-value-number">0</span>
                <span class="packages-score-value-sign"></span>
              </div>
              <div class="packages-score-label">likes</div>
            </div>
            <div class="packages-score packages-score-health">
              <div class="packages-score-value -has-value">
                <span class="packages-score-value-number">54</span>
                <span class="packages-score-value-sign"></span>
              </div>
              <div class="packages-score-label">pub points</div>
            </div>
            <div class="packages-score packages-score-popularity">
              <div class="packages-score-value -has-value">
                <span class="packages-score-value-number">3</span>
                <span class="packages-score-value-sign">%</span>
              </div>
              <div class="packages-score-label">popularity</div>
            </div>
          </a>
          <h3 class="title">Publisher</h3>
          <p>
            <span>unverified uploader</span>
          </p>
          <h3 class="title pkg-infobox-metadata">Metadata</h3>
          <p>oxygen is awesome</p>
          <p>
            <a class="link" href="https://oxygen.example.com/" rel="ugc">Homepage</a>
            <br/>
            <a class="link" href="https://github.com/example/oxygen" rel="ugc">Repository (GitHub)</a>
            <br/>
            <a class="link" href="https://github.com/example/oxygen/issues" rel="ugc">View/report issues</a>
            <br/>
            <a class="link" href="https://github.com/example/oxygen/blob/master/CONTRIBUTING.md" rel="ugc">Contributing</a>
            <br/>
          </p>
          <h3 class="title">Topics</h3>
          <p>
            <a href="/packages?q=topic%3Achemical-element" rel="nofollow">#chemical-element</a>
          </p>
          <h3 class="title">Documentation</h3>
          <p>
            <a class="link" href="/documentation/oxygen/latest/">API reference</a>
            <br/>
          </p>
          <h3 class="title">Funding</h3>
          <p>
            Consider supporting this project:
            <br/>
            <br/>
            <a class="link" href="https://example.com/funding/oxygen" rel="ugc">example.com</a>
            <br/>
          </p>
          <h3 class="title">License</h3>
          <p>
            <img class="inline-icon-img filter-invert-on-dark" src="/static/hash-%%etag%%/img/material-icon-balance.svg" alt="" width="14" height="14" role="presentation"/>
            BSD-3-Clause (
            <a href="/packages/oxygen/license">license</a>
            )
          </p>
          <h3 class="title">More</h3>
          <p>
            <a href="/packages?q=dependency%3Aoxygen" rel="nofollow">Packages that depend on oxygen</a>
          </p>
        </div>
        <p class="detail-lead-back">
          <a class="detail-metadata-toggle">Back</a>
        </p>
      </div>
      <div id="-screenshot-carousel" class="carousel">
        <fab id="-carousel-prev" class="mdc-fab carousel-prev carousel-nav" data-mdc-auto-init="MDCRipple" title="Previous" data-ga-click-event="screenshot-carousel-prev-click" tabindex="0">
          <div class="mdc-fab__ripple"></div>
          <img class="mdc-fab__icon" src="/static/hash-%%etag%%/img/keyboard_arrow_left.svg" alt="previous" width="24" height="24" aria-hidden="true"/>
        </fab>
        <div id="-image-container" class="image-container"></div>
        <fab id="-carousel-next" class="mdc-fab carousel-next carousel-nav" data-mdc-auto-init="MDCRipple" title="Next" data-ga-click-event="screenshot-carousel-next-click" tabindex="0">
          <div class="mdc-fab__ripple"></div>
          <img class="mdc-fab__icon" src="/static/hash-%%etag%%/img/keyboard_arrow_right.svg" alt="next" width="24" height="24" aria-hidden="true"/>
        </fab>
        <p id="-screenshot-description" class="screenshot-description"></p>
      </div>
    </main>
    <footer class="site-footer">
      <a class="link" href="https://dart.dev/">Dart language</a>
      <a class="link sep" href="/policy">Policy</a>
      <a class="link sep" href="https://www.google.com/intl/en/policies/terms/">Terms</a>
      <a class="link sep" href="https://developers.google.com/terms/">API Terms</a>
      <a class="link sep" href="/security">Security</a>
      <a class="link sep" href="https://www.google.com/intl/en/policies/privacy/">Privacy</a>
      <a class="link sep" href="/help">Help</a>
      <a class="link icon sep" href="/feed.atom">
        <img class="inline-icon" src="/static/hash-%%etag%%/img/rss-feed-icon.svg" alt="RSS" width="20" height="20" title="RSS/atom feed"/>
      </a>
      <a class="link icon github_issue" href="https://github.com/dart-lang/pub-dev/issues/new">
        <img class="inline-icon" src="/static/hash-%%etag%%/img/bug-report-white-96px.png" alt="bug report" width="20" height="20" title="Report an issue with this site"/>
      </a>
    </footer>
    <script src="/static/hash-%%etag%%/highlight/highlight-with-init.js" defer="defer"></script>
  </body>
</html>
