<!DOCTYPE html>
<html lang="en-us">
  <head>
    <script src="https://www.googletagmanager.com/gtm.js?id=GTM-MX6DBN9" async="async"></script>
    <script src="/static/hash-%%etag%%/js/gtm.js" async="async"></script>
    <meta charset="utf-8"/>
    <meta http-equiv="x-ua-compatible" content="ie=edge"/>
    <meta name="viewport" content="width=device-width, initial-scale=1"/>
    <meta name="robots" content="noindex"/>
    <meta name="twitter:card" content="summary"/>
    <meta name="twitter:site" content="@dart_lang"/>
    <meta name="twitter:description" content="Pub is the package manager for the Dart programming language, containing reusable libraries &amp; packages for Flutter and general Dart programs."/>
    <meta name="twitter:image" content="https://pub.dev/static/hash-%%etag%%/img/pub-dev-icon-cover-image.png"/>
    <meta property="og:type" content="website"/>
    <meta property="og:site_name" content="Dart packages"/>
    <meta property="og:title" content="Publisher administration: example.com"/>
    <meta property="og:description" content="Pub is the package manager for the Dart programming language, containing reusable libraries &amp; packages for Flutter and general Dart programs."/>
    <meta property="og:image" content="https://pub.dev/static/hash-%%etag%%/img/pub-dev-icon-cover-image.png"/>
    <title>Publisher administration: example.com</title>
    <link rel="stylesheet" href="https://fonts.googleapis.com/css2?family=Google+Sans:wght@400;500;700&amp;family=Google+Sans+Display:wght@400&amp;family=Google+Sans+Text:wght@400;500;700&amp;family=Google+Sans+Mono:wght@400;700&amp;display=swap"/>
    <link rel="shortcut icon" href="/favicon.ico?hash=mocked_hash_985685822"/>
    <link rel="stylesheet" href="https://www.gstatic.com/glue/v25_0/ccb.min.css"/>
    <link rel="search" type="application/opensearchdescription+xml" title="Dart packages" href="/osd.xml"/>
    <link rel="canonical" href="https://pub.dev/publishers/example.com/admin"/>
    <meta name="description" content="Pub is the package manager for the Dart programming language, containing reusable libraries &amp; packages for Flutter and general Dart programs."/>
    <link rel="alternate" type="application/atom+xml" title="Updated Packages Feed for Pub" href="/feed.atom"/>
    <link rel="stylesheet" type="text/css" href="/static/hash-%%etag%%/material/bundle/styles.css"/>
    <link rel="stylesheet" type="text/css" href="/static/hash-%%etag%%/css/style.css"/>
    <script src="/static/hash-%%etag%%/material/bundle/script.min.js" defer="defer"></script>
    <script src="/static/hash-%%etag%%/js/script.dart.js" defer="defer"></script>
    <script src="https://www.gstatic.com/brandstudio/kato/cookie_choice_component/cookie_consent_bar.v3.js" defer="defer" data-autoload-cookie-consent-bar="true"></script>
    <meta name="pub-page-data" content="eyJwdWJsaXNoZXIiOnsicHVibGlzaGVySWQiOiJleGFtcGxlLmNvbSJ9LCJzZXNzaW9uQXdhcmUiOnRydWV9"/>
  </head>
  <body class="light-theme">
    <script src="/static/hash-%%etag%%/js/dark-init.js"></script>
    <noscript>&lt;iframe src="https://www.googletagmanager.com/ns.html?id=GTM-MX6DBN9" height="0" width="0" style="display:none;visibility:hidden">&lt;/iframe></noscript>
    <div class="site-header">
      <button class="hamburger" aria-label="menu toggle"></button>
      <a class="logo" href="/">
        <img class="site-logo" src="/static/hash-%%etag%%/img/pub-dev-logo.svg" alt="" width="140" height="30" role="presentation"/>
      </a>
      <div class="site-header-space"></div>
      <div class="site-header-mask"></div>
      <nav class="site-header-nav scroll-container">
        <div class="nav-login-container">
          <button id="-account-login" class="nav-main-button link">Sign in</button>
        </div>
        <div class="nav-container nav-help-container hoverable">
          <button class="nav-main-button">Help</button>
          <div class="nav-hover-popup">
            <div class="nav-table-columns">
              <div class="nav-table-column">
                <h3>Pub.dev</h3>
                <a class="nav-link" href="/help/search" rel="noopener" target="_blank">Searching for packages</a>
                <a class="nav-link" href="/help/scoring" rel="noopener" target="_blank">Package scoring and pub points</a>
              </div>
              <div class="nav-table-column">
                <h3>Flutter</h3>
                <a class="nav-link" href="https://flutter.dev/using-packages/" rel="noopener" target="_blank">Using packages</a>
                <a class="nav-link" href="https://flutter.dev/developing-packages/" rel="noopener" target="_blank">Developing packages and plugins</a>
                <a class="nav-link" href="https://dart.dev/tools/pub/publishing" rel="noopener" target="_blank">Publishing a package</a>
              </div>
              <div class="nav-table-column">
                <h3>Dart</h3>
                <a class="nav-link" href="https://dart.dev/guides/packages" rel="noopener" target="_blank">Using packages</a>
                <a class="nav-link" href="https://dart.dev/tools/pub/publishing" rel="noopener" target="_blank">Publishing a package</a>
              </div>
            </div>
          </div>
        </div>
        <div class="nav-container nav-help-container-mobile foldable">
          <h3 class="foldable-button">
            Pub.dev
            <img class="foldable-icon" src="/static/hash-%%etag%%/img/nav-mobile-foldable-icon.svg" alt="toggle folding of the section" width="13" height="6"/>
          </h3>
          <div class="foldable-content">
            <a class="nav-link" href="/help/search" rel="noopener" target="_blank">Searching for packages</a>
            <a class="nav-link" href="/help/scoring" rel="noopener" target="_blank">Package scoring and pub points</a>
          </div>
        </div>
        <div class="nav-container nav-help-container-mobile foldable">
          <h3 class="foldable-button">
            Flutter
            <img class="foldable-icon" src="/static/hash-%%etag%%/img/nav-mobile-foldable-icon.svg" alt="toggle folding of the section" width="13" height="6"/>
          </h3>
          <div class="foldable-content">
            <a class="nav-link" href="https://flutter.dev/using-packages/" rel="noopener" target="_blank">Using packages</a>
            <a class="nav-link" href="https://flutter.dev/developing-packages/" rel="noopener" target="_blank">Developing packages and plugins</a>
            <a class="nav-link" href="https://dart.dev/tools/pub/publishing" rel="noopener" target="_blank">Publishing a package</a>
          </div>
        </div>
        <div class="nav-container nav-help-container-mobile foldable">
          <h3 class="foldable-button">
            Dart
            <img class="foldable-icon" src="/static/hash-%%etag%%/img/nav-mobile-foldable-icon.svg" alt="toggle folding of the section" width="13" height="6"/>
          </h3>
          <div class="foldable-content">
            <a class="nav-link" href="https://dart.dev/guides/packages" rel="noopener" target="_blank">Using packages</a>
            <a class="nav-link" href="https://dart.dev/tools/pub/publishing" rel="noopener" target="_blank">Publishing a package</a>
          </div>
        </div>
      </nav>
    </div>
    <div id="banner-container"></div>
    <div class="_banner-bg">
      <div class="container">
        <form class="search-bar banner-item" action="/packages" autocomplete="off">
          <input class="input" type="search" name="q" placeholder="Search packages" autocomplete="off" value="publisher:example.com" title="Search" data-completion-src="/api/search-input-completion-data" data-completion-class="search-completion"/>
          <span class="icon"></span>
        </form>
      </div>
    </div>
    <main class="-wide-header-detail-page">
      <div class="detail-wrapper -active">
        <div class="detail-header">
          <div class="detail-container">
            <div class="detail-header-outer-block">
              <div class="detail-header-content-block">
                <h1 class="title">example.com</h1>
                <div class="metadata">
                  <p>
                    <span class="detail-header-metadata-ref">
                      <img class="detail-header-metadata-ref-icon" src="/static/hash-%%etag%%/img/link-icon.svg" alt="link to website" width="14" height="14"/>
                      <a class="detail-header-metadata-ref-label" href="https://example.com/" rel="ugc">example.com/</a>
                    </span>
                    <span class="detail-header-metadata-ref">
                      <img class="detail-header-metadata-ref-icon" src="/static/hash-%%etag%%/img/email-icon.svg" alt="contact email" width="14" height="14"/>
                      <a class="detail-header-metadata-ref-label" href="mailto:admin@pub.dev">admin@pub.dev</a>
                    </span>
                  </p>
                  <p>
                    Publisher registered
                    <a class="-x-ago" href="" title="on %%publisher-created-date%%" role="button" data-timestamp="%%millis%%">%%x-ago%%</a>
                  </p>
                </div>
              </div>
            </div>
          </div>
        </div>
        <div class="detail-body">
          <div class="detail-tabs">
            <div class="detail-tabs-wide-header">
              <div class="detail-container">
                <ul class="detail-tabs-header">
                  <li class="detail-tab tab-link detail-tab-packages-title">
                    <a href="/publishers/example.com/packages" role="button">Packages</a>
                  </li>
                  <li class="detail-tab tab-link detail-tab-unlisted-packages-title">
                    <a href="/publishers/example.com/unlisted-packages" role="button">Unlisted packages</a>
                  </li>
                  <li class="detail-tab tab-button detail-tab-admin-title -active -private">Admin</li>
                  <li class="detail-tab tab-link detail-tab-activity-log-title -private">
                    <a href="/publishers/example.com/activity-log" role="button">Activity log</a>
                  </li>
                </ul>
              </div>
            </div>
            <div class="detail-container detail-body-main">
              <div class="detail-tabs-content">
                <section class="tab-content detail-tab-admin-content -active">
                  <h2>Publisher information</h2>
                  <div class="-pub-form-textfield-row">
                    <label for="-publisher-description">Description</label>
                    <div class="mdc-text-field mdc-text-field--textarea" data-mdc-auto-init="MDCTextField">
                      <div class="mdc-text-field-character-counter">0 / 4096</div>
                      <textarea id="-publisher-description" class="mdc-text-field__input" rows="5" cols="60" maxlength="4096"></textarea>
                      <div class="mdc-notched-outline">
                        <div class="mdc-notched-outline__leading"></div>
                        <div class="mdc-notched-outline__trailing"></div>
                      </div>
                    </div>
                  </div>
                  <div class="-pub-form-textfield-row">
                    <div class="mdc-form-field">
                      <label for="-publisher-website-url">Website</label>
                      <div class="mdc-text-field mdc-text-field--outlined" data-mdc-auto-init="MDCTextField">
                        <input id="-publisher-website-url" class="mdc-text-field__input" type="text" value="https://example.com/"/>
                        <div class="mdc-notched-outline">
                          <div class="mdc-notched-outline__leading"></div>
                          <div class="mdc-notched-outline__trailing"></div>
                        </div>
                      </div>
                    </div>
                  </div>
                  <div class="-pub-form-textfield-row">
                    <div class="mdc-form-field">
                      <label for="-publisher-contact-email">Contact email</label>
                      <div class="mdc-text-field mdc-text-field--outlined" data-mdc-auto-init="MDCTextField">
                        <input id="-publisher-contact-email" class="mdc-text-field__input" type="text" value="admin@pub.dev"/>
                        <div class="mdc-notched-outline">
                          <div class="mdc-notched-outline__leading"></div>
                          <div class="mdc-notched-outline__trailing"></div>
                        </div>
                      </div>
                    </div>
                  </div>
                  <div class="-pub-form-right-aligned">
                    <button id="-publisher-update-button" class="mdc-button mdc-button--raised" data-mdc-auto-init="MDCRipple">Update</button>
                  </div>
                  <h2>Members</h2>
                  <p class="warning">This publisher only has a single member. Consider adding more members to protect against losing control of the publisher.</p>
                  <div id="-pub-publisher-admin-members-table" class="mdc-data-table">
                    <table class="mdc-data-table__table" aria-label="Members of publisher">
                      <thead>
                        <tr class="mdc-data-table__header-row">
                          <th class="mdc-data-table__header-cell email-header" role="columnheader" scope="col">Email</th>
                          <th class="mdc-data-table__header-cell role-header" role="columnheader" scope="col">Role</th>
                          <th class="mdc-data-table__header-cell icons-header" role="columnheader" scope="col"></th>
                        </tr>
                      </thead>
                      <tbody class="mdc-data-table__content">
                        <tr class="mdc-data-table__row">
                          <td class="mdc-data-table__cell">admin@pub.dev</td>
                          <td class="mdc-data-table__cell">admin</td>
                          <td class="mdc-data-table__cell">
                            <a class="-pub-remove-user-button" title="Remove member" data-user-id="%%admin@pub.dev%%" data-email="admin@pub.dev">×</a>
                          </td>
                        </tr>
                      </tbody>
                    </table>
                  </div>
                  <div class="-pub-form-right-aligned">
                    <button id="-admin-add-member-button" class="mdc-button mdc-button--raised" data-mdc-auto-init="MDCRipple">Add member</button>
                  </div>
                  <div id="-admin-add-member-content" class="modal-content-hidden">
                    <p>You can invite new members to this verified publisher. Once new members accept the invitation, they have full administrative rights, with the following abilities:</p>
                    <ul>
                      <li>Transfer packages to and from this publisher</li>
                      <li>Upload new versions of packages owned by this publisher</li>
                      <li>Add and remove members of this publisher</li>
                    </ul>
                    <div class="-pub-form-textfield-row">
                      <div class="mdc-form-field">
                        <label for="-admin-invite-member-input">Email address</label>
                        <div class="mdc-text-field mdc-text-field--outlined" data-mdc-auto-init="MDCTextField">
                          <input id="-admin-invite-member-input" class="mdc-text-field__input" type="text"/>
                          <div class="mdc-notched-outline">
                            <div class="mdc-notched-outline__leading"></div>
                            <div class="mdc-notched-outline__trailing"></div>
                          </div>
                        </div>
                      </div>
                    </div>
                  </div>
                </section>
              </div>
            </div>
          </div>
        </div>
      </div>
      <div id="-screenshot-carousel" class="carousel">
        <fab id="-carousel-prev" class="mdc-fab carousel-prev carousel-nav" data-mdc-auto-init="MDCRipple" title="Previous" data-ga-click-event="screenshot-carousel-prev-click" tabindex="0">
          <div class="mdc-fab__ripple"></div>
          <img class="mdc-fab__icon" src="/static/hash-%%etag%%/img/keyboard_arrow_left.svg" alt="previous" width="24" height="24" aria-hidden="true"/>
        </fab>
        <div id="-image-container" class="image-container"></div>
        <fab id="-carousel-next" class="mdc-fab carousel-next carousel-nav" data-mdc-auto-init="MDCRipple" title="Next" data-ga-click-event="screenshot-carousel-next-click" tabindex="0">
          <div class="mdc-fab__ripple"></div>
          <img class="mdc-fab__icon" src="/static/hash-%%etag%%/img/keyboard_arrow_right.svg" alt="next" width="24" height="24" aria-hidden="true"/>
        </fab>
        <p id="-screenshot-description" class="screenshot-description"></p>
      </div>
    </main>
    <footer class="site-footer">
      <a class="link" href="https://dart.dev/">Dart language</a>
      <a class="link sep" href="/report?subject=publisher%3Aexample.com&amp;url=https%3A%2F%2Fpub.dev%2Fpublishers%2Fexample.com%2Fadmin">Report publisher</a>
      <a class="link sep" href="/policy">Policy</a>
      <a class="link sep" href="https://www.google.com/intl/en/policies/terms/">Terms</a>
      <a class="link sep" href="https://developers.google.com/terms/">API Terms</a>
      <a class="link sep" href="/security">Security</a>
      <a class="link sep" href="https://www.google.com/intl/en/policies/privacy/">Privacy</a>
      <a class="link sep" href="/help">Help</a>
      <a class="link icon sep" href="/feed.atom">
        <img class="inline-icon" src="/static/hash-%%etag%%/img/rss-feed-icon.svg" alt="RSS" width="20" height="20" title="RSS/atom feed"/>
      </a>
      <a class="link icon github_issue" href="https://github.com/dart-lang/pub-dev/issues/new">
        <img class="inline-icon" src="/static/hash-%%etag%%/img/bug-report-white-96px.png" alt="bug report" width="20" height="20" title="Report an issue with this site"/>
      </a>
    </footer>
  </body>
</html>
