<!DOCTYPE html>
<html lang="en-us">
  <head>
    <script src="https://www.googletagmanager.com/gtm.js?id=GTM-MX6DBN9" async="async"></script>
    <script src="/static/hash-%%etag%%/js/gtm.js" async="async"></script>
    <meta charset="utf-8"/>
    <meta http-equiv="x-ua-compatible" content="ie=edge"/>
    <meta name="viewport" content="width=device-width, initial-scale=1"/>
    <meta name="twitter:card" content="summary"/>
    <meta name="twitter:site" content="@dart_lang"/>
    <meta name="twitter:description" content="Pub is the package manager for the Dart programming language, containing reusable libraries &amp; packages for Flutter and general Dart programs."/>
    <meta name="twitter:image" content="https://pub.dev/static/hash-%%etag%%/img/pub-dev-icon-cover-image.png"/>
    <meta property="og:type" content="website"/>
    <meta property="og:site_name" content="Dart packages"/>
    <meta property="og:title" content="Packages of publisher example.com"/>
    <meta property="og:description" content="Pub is the package manager for the Dart programming language, containing reusable libraries &amp; packages for Flutter and general Dart programs."/>
    <meta property="og:image" content="https://pub.dev/static/hash-%%etag%%/img/pub-dev-icon-cover-image.png"/>
    <meta property="og:url" content="https://pub.dev/publishers/example.com/packages"/>
    <title>Packages of publisher example.com</title>
    <link rel="stylesheet" href="https://fonts.googleapis.com/css2?family=Google+Sans:wght@400;500;700&amp;family=Google+Sans+Display:wght@400&amp;family=Google+Sans+Text:wght@400;500;700&amp;family=Google+Sans+Mono:wght@400;700&amp;display=swap"/>
    <link rel="shortcut icon" href="/favicon.ico?hash=mocked_hash_985685822"/>
    <link rel="stylesheet" href="https://www.gstatic.com/glue/v25_0/ccb.min.css"/>
    <link rel="search" type="application/opensearchdescription+xml" title="Dart packages" href="/osd.xml"/>
    <link rel="canonical" href="https://pub.dev/publishers/example.com/packages"/>
    <meta name="description" content="Pub is the package manager for the Dart programming language, containing reusable libraries &amp; packages for Flutter and general Dart programs."/>
    <link rel="alternate" type="application/atom+xml" title="Updated Packages Feed for Pub" href="/feed.atom"/>
    <link rel="stylesheet" type="text/css" href="/static/hash-%%etag%%/material/bundle/styles.css"/>
    <link rel="stylesheet" type="text/css" href="/static/hash-%%etag%%/css/style.css"/>
    <script src="/static/hash-%%etag%%/material/bundle/script.min.js" defer="defer"></script>
    <script src="/static/hash-%%etag%%/js/script.dart.js" defer="defer"></script>
    <script src="https://www.gstatic.com/brandstudio/kato/cookie_choice_component/cookie_consent_bar.v3.js" defer="defer" data-autoload-cookie-consent-bar="true"></script>
    <meta name="pub-page-data" content="eyJwdWJsaXNoZXIiOnsicHVibGlzaGVySWQiOiJleGFtcGxlLmNvbSJ9fQ=="/>
  </head>
  <body class="light-theme">
    <script src="/static/hash-%%etag%%/js/dark-init.js"></script>
    <noscript>&lt;iframe src="https://www.googletagmanager.com/ns.html?id=GTM-MX6DBN9" height="0" width="0" style="display:none;visibility:hidden">&lt;/iframe></noscript>
    <div class="site-header">
      <button class="hamburger" aria-label="menu toggle"></button>
      <a class="logo" href="/">
        <img class="site-logo" src="/static/hash-%%etag%%/img/pub-dev-logo.svg" alt="" width="140" height="30" role="presentation"/>
      </a>
      <div class="site-header-space"></div>
      <div class="site-header-mask"></div>
      <nav class="site-header-nav scroll-container">
        <div class="nav-login-container">
          <button id="-account-login" class="nav-main-button link">Sign in</button>
        </div>
        <div class="nav-container nav-help-container hoverable">
          <button class="nav-main-button">Help</button>
          <div class="nav-hover-popup">
            <div class="nav-table-columns">
              <div class="nav-table-column">
                <h3>Pub.dev</h3>
                <a class="nav-link" href="/help/search" rel="noopener" target="_blank">Searching for packages</a>
                <a class="nav-link" href="/help/scoring" rel="noopener" target="_blank">Package scoring and pub points</a>
              </div>
              <div class="nav-table-column">
                <h3>Flutter</h3>
                <a class="nav-link" href="https://flutter.dev/using-packages/" rel="noopener" target="_blank">Using packages</a>
                <a class="nav-link" href="https://flutter.dev/developing-packages/" rel="noopener" target="_blank">Developing packages and plugins</a>
                <a class="nav-link" href="https://dart.dev/tools/pub/publishing" rel="noopener" target="_blank">Publishing a package</a>
              </div>
              <div class="nav-table-column">
                <h3>Dart</h3>
                <a class="nav-link" href="https://dart.dev/guides/packages" rel="noopener" target="_blank">Using packages</a>
                <a class="nav-link" href="https://dart.dev/tools/pub/publishing" rel="noopener" target="_blank">Publishing a package</a>
              </div>
            </div>
          </div>
        </div>
        <div class="nav-container nav-help-container-mobile foldable">
          <h3 class="foldable-button">
            Pub.dev
            <img class="foldable-icon" src="/static/hash-%%etag%%/img/nav-mobile-foldable-icon.svg" alt="toggle folding of the section" width="13" height="6"/>
          </h3>
          <div class="foldable-content">
            <a class="nav-link" href="/help/search" rel="noopener" target="_blank">Searching for packages</a>
            <a class="nav-link" href="/help/scoring" rel="noopener" target="_blank">Package scoring and pub points</a>
          </div>
        </div>
        <div class="nav-container nav-help-container-mobile foldable">
          <h3 class="foldable-button">
            Flutter
            <img class="foldable-icon" src="/static/hash-%%etag%%/img/nav-mobile-foldable-icon.svg" alt="toggle folding of the section" width="13" height="6"/>
          </h3>
          <div class="foldable-content">
            <a class="nav-link" href="https://flutter.dev/using-packages/" rel="noopener" target="_blank">Using packages</a>
            <a class="nav-link" href="https://flutter.dev/developing-packages/" rel="noopener" target="_blank">Developing packages and plugins</a>
            <a class="nav-link" href="https://dart.dev/tools/pub/publishing" rel="noopener" target="_blank">Publishing a package</a>
          </div>
        </div>
        <div class="nav-container nav-help-container-mobile foldable">
          <h3 class="foldable-button">
            Dart
            <img class="foldable-icon" src="/static/hash-%%etag%%/img/nav-mobile-foldable-icon.svg" alt="toggle folding of the section" width="13" height="6"/>
          </h3>
          <div class="foldable-content">
            <a class="nav-link" href="https://dart.dev/guides/packages" rel="noopener" target="_blank">Using packages</a>
            <a class="nav-link" href="https://dart.dev/tools/pub/publishing" rel="noopener" target="_blank">Publishing a package</a>
          </div>
        </div>
      </nav>
    </div>
    <div id="banner-container"></div>
    <div class="_banner-bg">
      <div class="container">
        <form class="search-bar banner-item" action="/packages" autocomplete="off">
          <input class="input" type="search" name="q" placeholder="Search packages" autocomplete="off" autofocus="autofocus" title="Search" data-completion-src="/api/search-input-completion-data" data-completion-class="search-completion"/>
          <span class="icon"></span>
        </form>
      </div>
    </div>
    <main class="-wide-header-detail-page">
      <div class="detail-wrapper -active">
        <div class="detail-header">
          <div class="detail-container">
            <div class="detail-header-outer-block">
              <div class="detail-header-content-block">
                <h1 class="title">example.com</h1>
                <div class="metadata">
                  <p>
                    <span class="detail-header-metadata-ref">
                      <img class="detail-header-metadata-ref-icon" src="/static/hash-%%etag%%/img/link-icon.svg" alt="link to website" width="14" height="14"/>
                      <a class="detail-header-metadata-ref-label" href="https://example.com/" rel="ugc">example.com/</a>
                    </span>
                    <span class="detail-header-metadata-ref">
                      <img class="detail-header-metadata-ref-icon" src="/static/hash-%%etag%%/img/email-icon.svg" alt="contact email" width="14" height="14"/>
                      <a class="detail-header-metadata-ref-label" href="mailto:admin@pub.dev">admin@pub.dev</a>
                    </span>
                  </p>
                  <p>
                    Publisher registered
                    <a class="-x-ago" href="" title="on %%neon-created-date%%" aria-label="%%x-ago%%" aria-role="button" role="button" data-timestamp="%%millis%%">%%x-ago%%</a>
                  </p>
                </div>
              </div>
            </div>
          </div>
        </div>
        <div class="detail-body">
          <div class="detail-tabs">
            <div class="detail-tabs-wide-header">
              <div class="detail-container">
                <ul class="detail-tabs-header">
                  <li class="detail-tab tab-button detail-tab-packages-title -active">Packages</li>
                  <li class="detail-tab tab-link detail-tab-unlisted-packages-title">
                    <a href="/publishers/example.com/unlisted-packages" role="button">Unlisted packages</a>
                  </li>
                  <li class="detail-tab tab-link detail-tab-admin-title -private">
                    <a href="/publishers/example.com/admin" role="button">Admin</a>
                  </li>
                  <li class="detail-tab tab-link detail-tab-activity-log-title -private">
                    <a href="/publishers/example.com/activity-log" role="button">Activity log</a>
                  </li>
                </ul>
              </div>
            </div>
            <div class="detail-container detail-body-main">
              <div class="detail-tabs-content">
                <section class="tab-content detail-tab-packages-content -active">
                  <div class="listing-info">
                    <div class="listing-info-count">
                      <span class="info-identifier">Results</span>
                      <span class="count">2</span>
                      packages owned by
                      <code>example.com</code>
                    </div>
                    <div class="sort-control hoverable">
                      <div class="info-identifier" title="Packages are sorted by the combination of their overall score and their specificity to the selected platform.">
                        Sort by
                        <button class="sort-control-selected">listing relevance</button>
                      </div>
                      <div class="sort-control-popup">
                        <button class="sort-control-option selected" data-value="listing_relevance">listing relevance</button>
                        <button class="sort-control-option" data-value="top">overall score</button>
                        <button class="sort-control-option" data-value="updated">recently updated</button>
                        <button class="sort-control-option" data-value="created">newest package</button>
                        <button class="sort-control-option" data-value="like">most likes</button>
                        <button class="sort-control-option" data-value="points">most pub points</button>
                        <button class="sort-control-option" data-value="popularity">popularity</button>
                      </div>
                    </div>
                  </div>
                  <div class="packages">
                    <div class="packages-item">
                      <div class="packages-header">
                        <h3 class="packages-title">
                          <a href="/packages/neon">neon</a>
                          <span class="pkg-page-title-copy">
                            <img class="pkg-page-title-copy-icon filter-invert-on-dark" src="/static/hash-%%etag%%/img/content-copy-icon.svg" alt="copy &quot;neon: ^1.0.0&quot; to clipboard" width="18" height="18" title="Copy &quot;neon: ^1.0.0&quot; to clipboard" data-copy-content="neon: ^1.0.0" data-ga-click-event="copy-package-version"/>
                            <div class="pkg-page-title-copy-feedback">
                              <span class="code">neon: ^1.0.0</span>
                              copied to clipboard
                            </div>
                          </span>
                        </h3>
                        <div class="packages-recent">
                          <img class="packages-recent-icon" src="/static/hash-%%etag%%/img/schedule-icon.svg" alt="recently created package" width="10" height="10" title="recently created package"/>
                          Added
                          <b>%%x-ago%%</b>
                        </div>
                        <a class="packages-scores" href="/packages/neon/score">
                          <div class="packages-score packages-score-like">
                            <div class="packages-score-value -has-value">
                              <span class="packages-score-value-number">0</span>
                              <span class="packages-score-value-sign"></span>
                            </div>
                            <div class="packages-score-label">likes</div>
                          </div>
                          <div class="packages-score packages-score-health">
                            <div class="packages-score-value -has-value">
                              <span class="packages-score-value-number">44</span>
                              <span class="packages-score-value-sign"></span>
                            </div>
                            <div class="packages-score-label">points</div>
                          </div>
                          <div class="packages-score packages-score-popularity">
                            <div class="packages-score-value -has-value">
                              <span class="packages-score-value-number">12</span>
                              <span class="packages-score-value-sign">%</span>
                            </div>
                            <div class="packages-score-label">popularity</div>
                          </div>
                        </a>
                      </div>
                      <div class="packages-container">
                        <div class="packages-body">
                          <div class="packages-description">
                            <span>neon is awesome</span>
                            <a class="topics-tag" href="/packages?q=topic%3Achemical-element" rel="nofollow">#chemical-element</a>
                          </div>
                          <p class="packages-metadata">
                            <span class="packages-metadata-block">
                              v
                              <a href="/packages/neon" title="Visit neon 1.0.0 page">1.0.0</a>
                              (
                              <a class="-x-ago" href="" title="%%neon-created-date%%" aria-label="%%x-ago%%" aria-role="button" role="button" data-timestamp="%%millis%%">%%x-ago%%</a>
                              )
                            </span>
                            <span class="packages-metadata-block">
                              <img class="package-vp-icon filter-invert-on-dark" src="/static/hash-%%etag%%/img/material-icon-verified.svg" alt="verified publisher" width="14" height="14" title="Published by a pub.dev verified publisher"/>
                              <a href="/publishers/example.com">example.com</a>
                            </span>
                            <span class="packages-metadata-block">
                              <img class="inline-icon-img filter-invert-on-dark" src="/static/hash-%%etag%%/img/material-icon-balance.svg" alt="" width="14" height="14" role="presentation"/>
                              BSD-3-Clause
                            </span>
                          </p>
                          <div>
                            <div class="-pub-tag-badge">
                              <span class="tag-badge-main">SDK</span>
                              <a class="tag-badge-sub" href="/packages?q=sdk%3Adart" rel="nofollow" title="Packages compatible with Dart SDK">Dart</a>
                            </div>
                            <div class="-pub-tag-badge">
                              <span class="tag-badge-main">Platform</span>
                              <a class="tag-badge-sub" href="/packages?q=platform%3Aandroid" rel="nofollow" title="Packages compatible with Android platform">Android</a>
                              <a class="tag-badge-sub" href="/packages?q=platform%3Aios" rel="nofollow" title="Packages compatible with iOS platform">iOS</a>
                              <a class="tag-badge-sub" href="/packages?q=platform%3Amacos" rel="nofollow" title="Packages compatible with macOS platform">macOS</a>
                              <a class="tag-badge-sub" href="/packages?q=platform%3Aweb" rel="nofollow" title="Packages compatible with Web platform">web</a>
                              <a class="tag-badge-sub" href="/packages?q=platform%3Awindows" rel="nofollow" title="Packages compatible with Windows platform">Windows</a>
                            </div>
                          </div>
                        </div>
                      </div>
                    </div>
                    <div class="packages-item">
                      <div class="packages-header">
                        <h3 class="packages-title">
                          <a href="/packages/flutter_titanium">flutter_titanium</a>
                          <span class="pkg-page-title-copy">
                            <img class="pkg-page-title-copy-icon filter-invert-on-dark" src="/static/hash-%%etag%%/img/content-copy-icon.svg" alt="copy &quot;flutter_titanium: ^1.10.0&quot; to clipboard" width="18" height="18" title="Copy &quot;flutter_titanium: ^1.10.0&quot; to clipboard" data-copy-content="flutter_titanium: ^1.10.0" data-ga-click-event="copy-package-version"/>
                            <div class="pkg-page-title-copy-feedback">
                              <span class="code">flutter_titanium: ^1.10.0</span>
                              copied to clipboard
                            </div>
                          </span>
                        </h3>
                        <div class="packages-recent">
                          <img class="packages-recent-icon" src="/static/hash-%%etag%%/img/schedule-icon.svg" alt="recently created package" width="10" height="10" title="recently created package"/>
                          Added
                          <b>%%x-ago%%</b>
                        </div>
                        <a class="packages-scores" href="/packages/flutter_titanium/score">
                          <div class="packages-score packages-score-like">
                            <div class="packages-score-value -has-value">
                              <span class="packages-score-value-number">0</span>
                              <span class="packages-score-value-sign"></span>
                            </div>
                            <div class="packages-score-label">likes</div>
                          </div>
                          <div class="packages-score packages-score-health">
                            <div class="packages-score-value -has-value">
                              <span class="packages-score-value-number">38</span>
                              <span class="packages-score-value-sign"></span>
                            </div>
                            <div class="packages-score-label">points</div>
                          </div>
                          <div class="packages-score packages-score-popularity">
                            <div class="packages-score-value -has-value">
                              <span class="packages-score-value-number">43</span>
                              <span class="packages-score-value-sign">%</span>
                            </div>
                            <div class="packages-score-label">popularity</div>
                          </div>
                        </a>
                      </div>
                      <div class="packages-container">
                        <div class="packages-body">
                          <div class="packages-description">
                            <span>flutter_titanium is awesome</span>
                            <a class="topics-tag" href="/packages?q=topic%3Achemical-element" rel="nofollow">#chemical-element</a>
                          </div>
                          <p class="packages-metadata">
                            <span class="packages-metadata-block">
                              v
                              <a href="/packages/flutter_titanium" title="Visit flutter_titanium 1.10.0 page">1.10.0</a>
                              (
                              <a class="-x-ago" href="" title="%%neon-created-date%%" aria-label="%%x-ago%%" aria-role="button" role="button" data-timestamp="%%millis%%">%%x-ago%%</a>
                              )
                            </span>
                            <span class="packages-metadata-block">
                              <img class="inline-icon-img filter-invert-on-dark" src="/static/hash-%%etag%%/img/material-icon-balance.svg" alt="" width="14" height="14" role="presentation"/>
                              BSD-3-Clause
                            </span>
                          </p>
                          <div>
                            <div class="-pub-tag-badge">
                              <span class="tag-badge-main">SDK</span>
                              <a class="tag-badge-sub" href="/packages?q=sdk%3Adart" rel="nofollow" title="Packages compatible with Dart SDK">Dart</a>
                              <a class="tag-badge-sub" href="/packages?q=sdk%3Aflutter" rel="nofollow" title="Packages compatible with Flutter SDK">Flutter</a>
                            </div>
                            <div class="-pub-tag-badge">
                              <span class="tag-badge-main">Platform</span>
                              <a class="tag-badge-sub" href="/packages?q=platform%3Aandroid" rel="nofollow" title="Packages compatible with Android platform">Android</a>
                              <a class="tag-badge-sub" href="/packages?q=platform%3Aios" rel="nofollow" title="Packages compatible with iOS platform">iOS</a>
                              <a class="tag-badge-sub" href="/packages?q=platform%3Alinux" rel="nofollow" title="Packages compatible with Linux platform">Linux</a>
                              <a class="tag-badge-sub" href="/packages?q=platform%3Amacos" rel="nofollow" title="Packages compatible with macOS platform">macOS</a>
                            </div>
                          </div>
                        </div>
                      </div>
                    </div>
                    <div id="-screenshot-carousel" class="carousel">
                      <fab id="-carousel-prev" class="mdc-fab carousel-prev carousel-nav" data-mdc-auto-init="MDCRipple" title="Previous" data-ga-click-event="screenshot-carousel-prev-click" tabindex="0">
                        <div class="mdc-fab__ripple"></div>
                        <img class="mdc-fab__icon" src="/static/hash-%%etag%%/img/keyboard_arrow_left.svg" alt="previous" width="24" height="24" aria-hidden="true"/>
                      </fab>
                      <div id="-image-container" class="image-container"></div>
                      <fab id="-carousel-next" class="mdc-fab carousel-next carousel-nav" data-mdc-auto-init="MDCRipple" title="Next" data-ga-click-event="screenshot-carousel-next-click" tabindex="0">
                        <div class="mdc-fab__ripple"></div>
                        <img class="mdc-fab__icon" src="/static/hash-%%etag%%/img/keyboard_arrow_right.svg" alt="next" width="24" height="24" aria-hidden="true"/>
                      </fab>
                      <p id="-screenshot-description" class="screenshot-description"></p>
                    </div>
                  </div>
                  <ul class="pagination">
                    <li class="-disabled">
                      <a rel="prev nofollow" aria-label="previous page">
                        <span>«</span>
                      </a>
                    </li>
                    <li class="-active">
                      <a rel="nofollow">
                        <span>1</span>
                      </a>
                    </li>
                    <li class="-disabled">
                      <a rel="next nofollow" aria-label="next page">
                        <span>»</span>
                      </a>
                    </li>
                  </ul>
                </section>
              </div>
            </div>
          </div>
        </div>
      </div>
      <div id="-screenshot-carousel" class="carousel">
        <fab id="-carousel-prev" class="mdc-fab carousel-prev carousel-nav" data-mdc-auto-init="MDCRipple" title="Previous" data-ga-click-event="screenshot-carousel-prev-click" tabindex="0">
          <div class="mdc-fab__ripple"></div>
          <img class="mdc-fab__icon" src="/static/hash-%%etag%%/img/keyboard_arrow_left.svg" alt="previous" width="24" height="24" aria-hidden="true"/>
        </fab>
        <div id="-image-container" class="image-container"></div>
        <fab id="-carousel-next" class="mdc-fab carousel-next carousel-nav" data-mdc-auto-init="MDCRipple" title="Next" data-ga-click-event="screenshot-carousel-next-click" tabindex="0">
          <div class="mdc-fab__ripple"></div>
          <img class="mdc-fab__icon" src="/static/hash-%%etag%%/img/keyboard_arrow_right.svg" alt="next" width="24" height="24" aria-hidden="true"/>
        </fab>
        <p id="-screenshot-description" class="screenshot-description"></p>
      </div>
    </main>
    <footer class="site-footer">
      <a class="link" href="https://dart.dev/">Dart language</a>
      <a class="link sep" href="/report?subject=publisher%3Aexample.com&amp;url=https%3A%2F%2Fpub.dev%2Fpublishers%2Fexample.com%2Fpackages">Report publisher</a>
      <a class="link sep" href="/policy">Policy</a>
      <a class="link sep" href="https://www.google.com/intl/en/policies/terms/">Terms</a>
      <a class="link sep" href="https://developers.google.com/terms/">API Terms</a>
      <a class="link sep" href="/security">Security</a>
      <a class="link sep" href="https://www.google.com/intl/en/policies/privacy/">Privacy</a>
      <a class="link sep" href="/help">Help</a>
      <a class="link icon sep" href="/feed.atom">
        <img class="inline-icon" src="/static/hash-%%etag%%/img/rss-feed-icon.svg" alt="RSS" width="20" height="20" title="RSS/atom feed"/>
      </a>
      <a class="link icon github_issue" href="https://github.com/dart-lang/pub-dev/issues/new">
        <img class="inline-icon" src="/static/hash-%%etag%%/img/bug-report-white-96px.png" alt="bug report" width="20" height="20" title="Report an issue with this site"/>
      </a>
    </footer>
  </body>
</html>
