<!DOCTYPE html>
<html lang="en">
  <head>
    <script type="text/javascript" src="https://www.googletagmanager.com/gtm.js?id=GTM-MX6DBN9" async="async"></script>
    <script type="text/javascript" src="/static/hash-%%etag%%/js/gtm.js"></script>
    <meta charset="utf-8"/>
    <meta http-equiv="X-UA-Compatible" content="IE=edge"/>
    <meta name="viewport" content="width=device-width, height=device-height, initial-scale=1, user-scalable=no"/>
    <meta name="generator" content="made with love by dartdoc"/>
    <meta name="description" content="oxygen API docs, for the Dart programming language."/>
    <title>oxygen - Dart API docs</title>
    <link rel="canonical" href="https://pub.dev/documentation/oxygen/latest/"/>
    <link rel="preconnect" href="https://fonts.gstatic.com"/>
    <link rel="stylesheet" href="https://fonts.googleapis.com/css2?family=Roboto+Mono:ital,wght@0,300;0,400;0,500;0,700;1,400&amp;display=swap"/>
    <link rel="stylesheet" href="https://fonts.googleapis.com/css2?family=Material+Symbols+Outlined:opsz,wght,FILL,GRAD@24,400,0,0"/>
    <link rel="stylesheet" href="/static/hash-%%etag%%/css/dartdoc.css"/>
    <link rel="icon" href="/favicon.ico?hash=mocked_hash_985685822"/>
  </head>
  <body class="light-theme" data-base-href="" data-using-base-href="false">
    <noscript>&lt;iframe src="https://www.googletagmanager.com/ns.html?id=GTM-MX6DBN9" height="0" width="0" style="display:none;visibility:hidden">&lt;/iframe></noscript>
    <div id="overlay-under-drawer"></div>
    <header id="title">
      <span id="sidenav-left-toggle" class="material-symbols-outlined" role="button" tabindex="0">menu</span>
      <a class="hidden-xs" href="/">
        <img src="/static/hash-%%etag%%/img/dart-logo.svg" alt="" width="30" height="30" role="presentation" style="height: 30px; margin-right: 1em;"/>
      </a>
      <ol class="breadcrumbs gt-separated dark hidden-xs">
        <li>
          <a href="/packages/oxygen">oxygen package</a>
        </li>
        <li class="self-crumb">documentation</li>
      </ol>
      <div class="self-name">oxygen package</div>
      <form class="search navbar-right" role="search">
        <input id="search-box" class="form-control typeahead" type="text" placeholder="Loading search..." autocomplete="off"/>
      </form>
      <div id="theme-button" class="toggle" title="Toggle brightness">
        <label for="theme">
          <input id="theme" type="checkbox" value="light-theme"/>
          <span id="dark-theme-button" class="material-symbols-outlined">dark_mode</span>
          <span id="light-theme-button" class="material-symbols-outlined">light_mode</span>
        </label>
      </div>
    </header>
    <main>
      <div id="dartdoc-main-content" class="main-content">
        <div class="desc markdown markdown-body">
          <h1 id="oxygen">oxygen</h1>
          <p>Awesome package.</p>
        </div>
        <div class="summary">
          <h2>Libraries</h2>
          <dl>
            <dt id="oxygen">
              <span class="name">
                <a href="oxygen/">oxygen</a>
              </span>
            </dt>
            <dd></dd>
          </dl>
        </div>
      </div>
      <div id="dartdoc-sidebar-left" class="sidebar sidebar-offcanvas-left">
        <header id="header-search-sidebar" class="hidden-l">
          <form class="search-sidebar" role="search">
            <input id="search-sidebar" class="form-control typeahead" type="text" placeholder="Loading search..." autocomplete="off"/>
          </form>
        </header>
        <ol id="sidebar-nav" class="breadcrumbs gt-separated dark hidden-l">
          <li>
            <a href="/packages/oxygen">oxygen package</a>
          </li>
          <li class="self-crumb">documentation</li>
        </ol>
        <!-- The search input and breadcrumbs below are only responsively visible at low resolutions. -->
        <h5 class="hidden-xs">
          <span class="package-name">oxygen</span>
          <span class="package-kind">package</span>
        </h5>
        <ol>
          <li class="section-title">Libraries</li>
          <li>
            <a href="oxygen/">oxygen</a>
          </li>
        </ol>
        <div id="dartdoc-sidebar-left-content"></div>
      </div>
      <div id="dartdoc-sidebar-right" class="sidebar sidebar-offcanvas-right"></div>
    </main>
    <footer>
      <span class="no-break">oxygen 2.0.0</span>
    </footer>
    <script src="/static/hash-%%etag%%/dartdoc/resources/highlight.pack.js"></script>
    <script src="/static/hash-%%etag%%/dartdoc/resources/docs.dart.js"></script>
  </body>
</html>
