<!DOCTYPE html>
<html lang="en">
  <head>
    <meta name="robots" content="noindex"/>
    <script type="text/javascript" src="https://www.googletagmanager.com/gtm.js?id=GTM-MX6DBN9" async="async"></script>
    <script type="text/javascript" src="/static/hash-%%etag%%/js/gtm.js"></script>
    <meta charset="utf-8"/>
    <meta http-equiv="X-UA-Compatible" content="IE=edge"/>
    <meta name="viewport" content="width=device-width, height=device-height, initial-scale=1, user-scalable=no"/>
    <meta name="generator" content="made with love by dartdoc"/>
    <meta name="description" content="API docs for the TypeEnum enum from the oxygen library, for the Dart programming language."/>
    <title>TypeEnum enum - oxygen library - Dart API</title>
    <link rel="canonical" href="https://pub.dev/documentation/oxygen/1.0.0/oxygen/TypeEnum.html"/>
    <meta rel="alternate" href="/documentation/oxygen/latest/"/>
    <link rel="preconnect" href="https://fonts.gstatic.com"/>
    <link rel="stylesheet" href="https://fonts.googleapis.com/css2?family=Roboto+Mono:ital,wght@0,300;0,400;0,500;0,700;1,400&amp;display=swap"/>
    <link rel="stylesheet" href="https://fonts.googleapis.com/css2?family=Material+Symbols+Outlined:opsz,wght,FILL,GRAD@24,400,0,0"/>
    <link rel="stylesheet" href="/static/hash-%%etag%%/css/dartdoc.css"/>
    <link rel="icon" href="/favicon.ico?hash=mocked_hash_985685822"/>
  </head>
  <body class="light-theme" data-base-href="../" data-using-base-href="false">
    <noscript>&lt;iframe src="https://www.googletagmanager.com/ns.html?id=GTM-MX6DBN9" height="0" width="0" style="display:none;visibility:hidden">&lt;/iframe></noscript>
    <div id="overlay-under-drawer"></div>
    <header id="title">
      <span id="sidenav-left-toggle" class="material-symbols-outlined" role="button" tabindex="0">menu</span>
      <a class="hidden-xs" href="/">
        <img src="/static/hash-%%etag%%/img/dart-logo.svg" alt="" width="30" height="30" role="presentation" style="height: 30px; margin-right: 1em;"/>
      </a>
      <ol class="breadcrumbs gt-separated dark hidden-xs">
        <li>
          <a href="/packages/oxygen/versions/1.0.0">oxygen package</a>
        </li>
        <li>
          <a href="../index.html">documentation</a>
        </li>
        <li>
          <a href="../oxygen/oxygen-library.html">oxygen.dart</a>
        </li>
        <li class="self-crumb">TypeEnum enum</li>
      </ol>
      <div class="self-name">TypeEnum enum</div>
      <form class="search navbar-right" role="search">
        <input id="search-box" class="form-control typeahead" type="text" placeholder="Loading search..." autocomplete="off"/>
      </form>
      <div id="theme-button" class="toggle" title="Toggle brightness">
        <label for="theme">
          <input id="theme" type="checkbox" value="light-theme"/>
          <span id="dark-theme-button" class="material-symbols-outlined">dark_mode</span>
          <span id="light-theme-button" class="material-symbols-outlined">light_mode</span>
        </label>
      </div>
    </header>
    <main>
      <div id="dartdoc-main-content" class="main-content" data-above-sidebar="oxygen/oxygen-library-sidebar.html" data-below-sidebar="oxygen/TypeEnum-enum-sidebar.html">
        <div>
          <h1>
            <span class="kind-enum">TypeEnum</span>
            enum
          </h1>
        </div>
        <div>
          <dl class="dl-horizontal">
            <dt>Inheritance</dt>
            <dd>
              <ul class="gt-separated dark eNum-relationships">
                <li>
                  <a href="https://api.dart.dev/stable/%%stable-dart-version%%/dart-core/Object-class.html">Object</a>
                </li>
                <li>
                  <a href="https://api.dart.dev/stable/%%stable-dart-version%%/dart-core/Enum-class.html">Enum</a>
                </li>
                <li>TypeEnum</li>
              </ul>
            </dd>
            <dt>Available extensions</dt>
            <dd>
              <ul class="comma-separated clazz-relationships">
                <li>
                  <a href="https://api.dart.dev/stable/%%stable-dart-version%%/dart-core/EnumName.html">EnumName</a>
                </li>
              </ul>
            </dd>
          </dl>
        </div>
        <div class="summary offset-anchor" id="values">
          <h2>Values</h2>
          <dl class="properties">
            <dt id="a" class="constant">
              <span class="name ">a</span>
              <span class="signature">
                → const
                <a href="../oxygen/TypeEnum.html">TypeEnum</a>
              </span>
            </dt>
            <dd></dd>
            <dt id="b" class="constant">
              <span class="name ">b</span>
              <span class="signature">
                → const
                <a href="../oxygen/TypeEnum.html">TypeEnum</a>
              </span>
            </dt>
            <dd></dd>
          </dl>
        </div>
        <div class="summary offset-anchor inherited" id="instance-properties">
          <h2>Properties</h2>
          <dl class="properties">
            <dt id="hashCode" class="property inherited">
              <span class="name">
                <a href="https://api.dart.dev/stable/%%stable-dart-version%%/dart-core/Object/hashCode.html">hashCode</a>
              </span>
              <span class="signature">
                →
                <a href="https://api.dart.dev/stable/%%stable-dart-version%%/dart-core/int-class.html">int</a>
              </span>
            </dt>
            <dd class="inherited">
              The hash code for this object.
              <div class="features">
                <span class="feature">no setter</span>
                <span class="feature">inherited</span>
              </div>
            </dd>
            <dt id="index" class="property inherited">
              <span class="name">
                <a href="https://api.dart.dev/stable/%%stable-dart-version%%/dart-core/Enum/index.html">index</a>
              </span>
              <span class="signature">
                →
                <a href="https://api.dart.dev/stable/%%stable-dart-version%%/dart-core/int-class.html">int</a>
              </span>
            </dt>
            <dd class="inherited">
              A numeric identifier for the enumerated value.
              <div class="features">
                <span class="feature">no setter</span>
                <span class="feature">inherited</span>
              </div>
            </dd>
            <dt id="runtimeType" class="property inherited">
              <span class="name">
                <a href="https://api.dart.dev/stable/%%stable-dart-version%%/dart-core/Object/runtimeType.html">runtimeType</a>
              </span>
              <span class="signature">
                →
                <a href="https://api.dart.dev/stable/%%stable-dart-version%%/dart-core/Type-class.html">Type</a>
              </span>
            </dt>
            <dd class="inherited">
              A representation of the runtime type of the object.
              <div class="features">
                <span class="feature">no setter</span>
                <span class="feature">inherited</span>
              </div>
            </dd>
          </dl>
        </div>
        <div class="summary offset-anchor inherited" id="instance-methods">
          <h2>Methods</h2>
          <dl class="callables">
            <dt id="noSuchMethod" class="callable inherited">
              <span class="name">
                <a href="https://api.dart.dev/stable/%%stable-dart-version%%/dart-core/Object/noSuchMethod.html">noSuchMethod</a>
              </span>
              <span class="signature">
                (
                <wbr/>
                <span class="parameter" id="noSuchMethod-param-invocation">
                  <span class="type-annotation">
                    <a href="https://api.dart.dev/stable/%%stable-dart-version%%/dart-core/Invocation-class.html">Invocation</a>
                  </span>
                  <span class="parameter-name">invocation</span>
                </span>
                )
                <span class="returntype parameter">→ dynamic</span>
              </span>
            </dt>
            <dd class="inherited">
              Invoked when a nonexistent method or property is accessed.
              <div class="features">
                <span class="feature">inherited</span>
              </div>
            </dd>
            <dt id="toString" class="callable inherited">
              <span class="name">
                <a href="https://api.dart.dev/stable/%%stable-dart-version%%/dart-core/Object/toString.html">toString</a>
              </span>
              <span class="signature">
                (
                <wbr/>
                )
                <span class="returntype parameter">
                  →
                  <a href="https://api.dart.dev/stable/%%stable-dart-version%%/dart-core/String-class.html">String</a>
                </span>
              </span>
            </dt>
            <dd class="inherited">
              A string representation of this object.
              <div class="features">
                <span class="feature">inherited</span>
              </div>
            </dd>
          </dl>
        </div>
        <div class="summary offset-anchor inherited" id="operators">
          <h2>Operators</h2>
          <dl class="callables">
            <dt id="operator ==" class="callable inherited">
              <span class="name">
                <a href="https://api.dart.dev/stable/%%stable-dart-version%%/dart-core/Object/operator_equals.html">operator ==</a>
              </span>
              <span class="signature">
                (
                <wbr/>
                <span class="parameter" id="==-param-other">
                  <span class="type-annotation">
                    <a href="https://api.dart.dev/stable/%%stable-dart-version%%/dart-core/Object-class.html">Object</a>
                  </span>
                  <span class="parameter-name">other</span>
                </span>
                )
                <span class="returntype parameter">
                  →
                  <a href="https://api.dart.dev/stable/%%stable-dart-version%%/dart-core/bool-class.html">bool</a>
                </span>
              </span>
            </dt>
            <dd class="inherited">
              The equality operator.
              <div class="features">
                <span class="feature">inherited</span>
              </div>
            </dd>
          </dl>
        </div>
        <div class="summary offset-anchor" id="constants">
          <h2>Constants</h2>
          <dl class="properties">
            <dt id="values" class="constant">
              <span class="name ">
                <a href="../oxygen/TypeEnum/values-constant.html">values</a>
              </span>
              <span class="signature">
                → const
                <a href="https://api.dart.dev/stable/%%stable-dart-version%%/dart-core/List-class.html">List</a>
                <span class="signature">
                  &lt;
                  <wbr/>
                  <span class="type-parameter">
                    <a href="../oxygen/TypeEnum.html">TypeEnum</a>
                  </span>
                  >
                </span>
              </span>
            </dt>
            <dd>A constant List of the values in this enum, in order of their declaration.</dd>
          </dl>
        </div>
      </div>
      <div id="dartdoc-sidebar-left" class="sidebar sidebar-offcanvas-left">
        <header id="header-search-sidebar" class="hidden-l">
          <form class="search-sidebar" role="search">
            <input id="search-sidebar" class="form-control typeahead" type="text" placeholder="Loading search..." autocomplete="off"/>
          </form>
        </header>
        <ol id="sidebar-nav" class="breadcrumbs gt-separated dark hidden-l">
          <li>
            <a href="/packages/oxygen/versions/1.0.0">oxygen package</a>
          </li>
          <li>
            <a href="../index.html">documentation</a>
          </li>
          <li>
            <a href="../oxygen/oxygen-library.html">oxygen</a>
          </li>
          <li class="self-crumb">TypeEnum enum</li>
        </ol>
        <!-- The search input and breadcrumbs below are only responsively visible at low resolutions. -->
        <h5>oxygen library</h5>
        <div id="dartdoc-sidebar-left-content"></div>
      </div>
      <div id="dartdoc-sidebar-right" class="sidebar sidebar-offcanvas-right"></div>
    </main>
    <footer>
      <span class="no-break">oxygen 1.0.0</span>
    </footer>
    <script src="/static/hash-%%etag%%/dartdoc/resources/highlight.pack.js"></script>
    <script src="/static/hash-%%etag%%/dartdoc/resources/docs.dart.js"></script>
  </body>
</html>
